Microchip MPLAB XC8 Compiler V2.32

Linker command line:

-W-3 --edf=C:\Program Files\Microchip\xc8\v2.32\pic\dat\en_msgs.txt -cn \
  -h+dist/default/production\FaceTracker.X.production.sym \
  --cmf=dist/default/production\FaceTracker.X.production.cmf -z -Q16F1938 \
  -oC:\Users\dexte\AppData\Local\Temp\xcAs7f8.4 --defsym=__MPLAB_BUILD=1 \
  -Mdist/default/production/FaceTracker.X.production.map -E1 \
  -ver=XC8 Compiler --acfsm=1493 -ASTACK=02025h-023EFh -pstack=STACK \
  -ACODE=00h-07FFhx8 -ASTRCODE=00h-03FFFh -ASTRING=00h-0FFhx64 \
  -ACONST=00h-0FFhx64 -AENTRY=00h-0FFhx64 -ACOMMON=070h-07Fh \
  -ABANK0=020h-06Fh -ABANK1=0A0h-0EFh -ABANK2=0120h-016Fh \
  -ABANK3=01A0h-01EFh -ABANK4=0220h-026Fh -ABANK5=02A0h-02EFh \
  -ABANK6=0320h-036Fh -ABANK7=03A0h-03EFh -ABANK8=0420h-046Fh \
  -ABANK9=04A0h-04EFh -ABANK10=0520h-056Fh -ABANK11=05A0h-05EFh \
  -ABANK12=0620h-064Fh -ABIGRAM=02000h-023EFh \
  -ARAM=020h-06Fh,0A0h-0EFh,0120h-016Fh,01A0h-01EFh,0220h-026Fh,02A0h-02EFh,0320h-036Fh,03A0h-03EFh,0420h-046Fh,04A0h-04EFh,0520h-056Fh,05A0h-05EFh,0620h-064Fh \
  -AABS1=020h-07Fh,0A0h-0EFh,0120h-016Fh,01A0h-01EFh,0220h-026Fh,02A0h-02EFh,0320h-036Fh,03A0h-03EFh,0420h-046Fh,04A0h-04EFh,0520h-056Fh,05A0h-05EFh,0620h-064Fh \
  -ASFR0=00h-01Fh -ASFR1=080h-09Fh -ASFR2=0100h-011Fh -ASFR3=0180h-019Fh \
  -ASFR4=0200h-021Fh -ASFR5=0280h-029Fh -ASFR6=0300h-031Fh \
  -ASFR7=0380h-039Fh -ASFR8=0400h-041Fh -ASFR9=0480h-049Fh \
  -ASFR10=0500h-051Fh -ASFR11=0580h-059Fh -ASFR12=0600h-061Fh \
  -ASFR13=0680h-06EFh -ASFR14=0700h-076Fh -ASFR15=0780h-07EFh \
  -ASFR16=0800h-086Fh -ASFR17=0880h-08EFh -ASFR18=0900h-096Fh \
  -ASFR19=0980h-09EFh -ASFR20=0A00h-0A6Fh -ASFR21=0A80h-0AEFh \
  -ASFR22=0B00h-0B6Fh -ASFR23=0B80h-0BEFh -ASFR24=0C00h-0C6Fh \
  -ASFR25=0C80h-0CEFh -ASFR26=0D00h-0D6Fh -ASFR27=0D80h-0DEFh \
  -ASFR28=0E00h-0E6Fh -ASFR29=0E80h-0EEFh -ASFR30=0F00h-0F6Fh \
  -ASFR31=0F80h-0FEFh -ACONFIG=08007h-08008h -DCONFIG=2 \
  -AIDLOC=08000h-08003h -DIDLOC=2 -AEEDATA=00h-0FFh/0F000h \
  -peeprom_data=EEDATA -DEEDATA=2 -DCODE=2 -DSTRCODE=2 -DSTRING=2 -DCONST=2 \
  -DENTRY=2 -preset_vec=00h,intentry=04h,init,end_init -ppowerup=CODE \
  -pcinit=CODE -pfunctab=ENTRY -k \
  C:\Users\dexte\AppData\Local\Temp\xcAs7f8.o \
  dist/default/production\FaceTracker.X.production.o 

Object code version is 3.11

Machine type is 16F1938



                Name                               Link     Load   Length Selector   Space Scale
C:\Users\dexte\AppData\Local\Temp\xcAs7f8.o
                end_init                             4C       4C        2        8       0
                reset_vec                             0        0        2        0       0
                config                             8007     8007        2        0       4
dist/default/production\FaceTracker.X.production.o
                cinit                                4E       4E        8        8       0
                intentry                              4        4       48        8       0
                config                             8007     8007        2        0       4
                text26                              2E1      2E1        9        8       0
                text25                              201      201       1F        8       0
                text24                              12C      12C       3C        8       0
                text23                              1B9      1B9       25        8       0
                text22                              2AD      2AD        C        8       0
                text21                              2D7      2D7        A        8       0
                text20                              2F8      2F8        7        8       0
                text19                              291      291       10        8       0
                text18                              191      191       28        8       0
                text17                              168      168       29        8       0
                text15                              2F1      2F1        7        8       0
                text14                              23B      23B       1B        8       0
                text13                              2FF      2FF        4        8       0
                text12                              2CD      2CD        A        8       0
                text11                              2A1      2A1        C        8       0
                text10                              2C3      2C3        A        8       0
                text9                               2EA      2EA        7        8       0
                text8                               280      280       11        8       0
                text7                               26D      26D       13        8       0
                text6                                EF       EF       3D        8       0
                text5                               220      220       1B        8       0
                text4                               2B9      2B9        A        8       0
                text3                               1DE      1DE       23        8       0
                text2                               256      256       17        8       0
                text1                                56       56       59        8       0
                maintext                             AF       AF       40        8       0
                cstackBANK0                          20       20       22       20       1
                cstackCOMMON                         70       70        E       70       1
                bssBANK0                             42       42        3       20       1

TOTAL           Name                               Link     Load   Length     Space
        CLASS   STACK          

        CLASS   CODE           
                end_init                             4C       4C        2         0
                cinit                                4E       4E        8         0
                intentry                              4        4       48         0
                reset_vec                             0        0        2         0
                text26                              2E1      2E1        9         0
                text25                              201      201       1F         0
                text24                              12C      12C       3C         0
                text23                              1B9      1B9       25         0
                text22                              2AD      2AD        C         0
                text21                              2D7      2D7        A         0
                text20                              2F8      2F8        7         0
                text19                              291      291       10         0
                text18                              191      191       28         0
                text17                              168      168       29         0
                text15                              2F1      2F1        7         0
                text14                              23B      23B       1B         0
                text13                              2FF      2FF        4         0
                text12                              2CD      2CD        A         0
                text11                              2A1      2A1        C         0
                text10                              2C3      2C3        A         0
                text9                               2EA      2EA        7         0
                text8                               280      280       11         0
                text7                               26D      26D       13         0
                text6                                EF       EF       3D         0
                text5                               220      220       1B         0
                text4                               2B9      2B9        A         0
                text3                               1DE      1DE       23         0
                text2                               256      256       17         0
                text1                                56       56       59         0
                maintext                             AF       AF       40         0

        CLASS   STRCODE        

        CLASS   STRING         

        CLASS   CONST          

        CLASS   ENTRY          

        CLASS   COMMON         
                cstackCOMMON                         70       70        E         1

        CLASS   BANK0          
                cstackBANK0                          20       20       22         1
                bssBANK0                             42       42        3         1

        CLASS   BANK1          

        CLASS   BANK2          

        CLASS   BANK3          

        CLASS   BANK4          

        CLASS   BANK5          

        CLASS   BANK6          

        CLASS   BANK7          

        CLASS   BANK8          

        CLASS   BANK9          

        CLASS   BANK10         

        CLASS   BANK11         

        CLASS   BANK12         

        CLASS   BIGRAM         

        CLASS   RAM            

        CLASS   ABS1           
                abs_s1                               7E       7E        2         1

        CLASS   SFR0           

        CLASS   SFR1           

        CLASS   SFR2           

        CLASS   SFR3           

        CLASS   SFR4           

        CLASS   SFR5           

        CLASS   SFR6           

        CLASS   SFR7           

        CLASS   SFR8           

        CLASS   SFR9           

        CLASS   SFR10          

        CLASS   SFR11          

        CLASS   SFR12          

        CLASS   SFR13          

        CLASS   SFR14          

        CLASS   SFR15          

        CLASS   SFR16          

        CLASS   SFR17          

        CLASS   SFR18          

        CLASS   SFR19          

        CLASS   SFR20          

        CLASS   SFR21          

        CLASS   SFR22          

        CLASS   SFR23          

        CLASS   SFR24          

        CLASS   SFR25          

        CLASS   SFR26          

        CLASS   SFR27          

        CLASS   SFR28          

        CLASS   SFR29          

        CLASS   SFR30          

        CLASS   SFR31          

        CLASS   CONFIG         
                config                             8007     8007        2         4

        CLASS   IDLOC          

        CLASS   EEDATA         

        CLASS   BANK31         

        CLASS   BANK30         

        CLASS   BANK29         

        CLASS   BANK28         

        CLASS   BANK27         

        CLASS   BANK26         

        CLASS   BANK25         

        CLASS   BANK24         

        CLASS   BANK23         

        CLASS   BANK22         

        CLASS   BANK21         

        CLASS   BANK20         

        CLASS   BANK19         

        CLASS   BANK18         

        CLASS   BANK17         

        CLASS   BANK16         

        CLASS   BANK15         

        CLASS   BANK14         

        CLASS   BANK13         



SEGMENTS        Name                           Load    Length   Top    Selector   Space  Class     Delta

                reset_vec                      000000  000002  000002         0       0  CODE        2
                intentry                       000004  0002FF  000303         8       0  CODE        2
                cstackBANK0                    000020  000025  000045        20       1  BANK0       1
                cstackCOMMON                   000070  00000E  00007E        70       1  COMMON      1


UNUSED ADDRESS RANGES

        Name                Unused          Largest block    Delta
        BANK0            00045-0006F              2B           1
        BANK1            000A0-000EF              50           1
        BANK10           00520-0056F              50           1
        BANK11           005A0-005EF              50           1
        BANK12           00620-0064F              30           1
        BANK2            00120-0016F              50           1
        BANK3            001A0-001EF              50           1
        BANK4            00220-0026F              50           1
        BANK5            002A0-002EF              50           1
        BANK6            00320-0036F              50           1
        BANK7            003A0-003EF              50           1
        BANK8            00420-0046F              50           1
        BANK9            004A0-004EF              50           1
        BIGRAM           02000-023EF             3F0           1
        CODE             00002-00003               2           2
                         00303-03FFF             800
        CONST            00002-00003               2           2
                         00303-03FFF             100
        EEDATA           0F000-0F0FF             100           2
        ENTRY            00002-00003               2           2
                         00303-03FFF             100
        IDLOC            08000-08003               4           2
        RAM              00045-0006F              2B           1
                         000A0-000EF              50
                         00120-0016F              50
                         001A0-001EF              50
                         00220-0026F              50
                         002A0-002EF              50
                         00320-0036F              50
                         003A0-003EF              50
                         00420-0046F              50
                         004A0-004EF              50
                         00520-0056F              50
                         005A0-005EF              50
                         00620-0064F              30
        SFR0             00000-0001F              20           1
        SFR1             00080-0009F              20           1
        SFR10            00500-0051F              20           1
        SFR11            00580-0059F              20           1
        SFR12            00600-0061F              20           1
        SFR13            00680-006EF              70           1
        SFR14            00700-0076F              70           1
        SFR15            00780-007EF              70           1
        SFR16            00800-0086F              70           1
        SFR17            00880-008EF              70           1
        SFR18            00900-0096F              70           1
        SFR19            00980-009EF              70           1
        SFR2             00100-0011F              20           1
        SFR20            00A00-00A6F              70           1
        SFR21            00A80-00AEF              70           1
        SFR22            00B00-00B6F              70           1
        SFR23            00B80-00BEF              70           1
        SFR24            00C00-00C6F              70           1
        SFR25            00C80-00CEF              70           1
        SFR26            00D00-00D6F              70           1
        SFR27            00D80-00DEF              70           1
        SFR28            00E00-00E6F              70           1
        SFR29            00E80-00EEF              70           1
        SFR3             00180-0019F              20           1
        SFR30            00F00-00F6F              70           1
        SFR31            00F80-00FEF              70           1
        SFR4             00200-0021F              20           1
        SFR5             00280-0029F              20           1
        SFR6             00300-0031F              20           1
        SFR7             00380-0039F              20           1
        SFR8             00400-0041F              20           1
        SFR9             00480-0049F              20           1
        STACK            02025-023EF             3CB           1
        STRCODE          00002-00003               2           2
                         00303-03FFF            3CFD
        STRING           00002-00003               2           2
                         00303-03FFF             100

                                  Symbol Table

?___lwdiv                        cstackBANK0  00030
?___wmul                         cstackCOMMON 00070
?_map                            cstackBANK0  00020
?i1___lwdiv                      cstackCOMMON 00076
_ANSELA                          (abs)        0018C
_ANSELB                          (abs)        0018D
_APFCON                          (abs)        0011D
_BAUDCON                         (abs)        0019F
_BORCON                          (abs)        00116
_GIE                             (abs)        0005F
_LATA                            (abs)        0010C
_LATB                            (abs)        0010D
_LATC                            (abs)        0010E
_LATE                            (abs)        00110
_OPTION_REGbits                  (abs)        00095
_OSCCON                          (abs)        00099
_OSCILLATOR_Initialize           text15       002F1
_OSCTUNE                         (abs)        00098
_PEIE                            (abs)        0005E
_PIE1bits                        (abs)        00091
_PIN_MANAGER_Initialize          text14       0023B
_PIR1bits                        (abs)        00011
_RCREG                           (abs)        00199
_RCSTA                           (abs)        0019D
_RCSTAbits                       (abs)        0019D
_SPBRG                           (abs)        0019B
_SSPADD                          (abs)        00212
_SSPBUF                          (abs)        00211
_SSPCON1                         (abs)        00215
_SSPCON1bits                     (abs)        00215
_SSPCON2                         (abs)        00216
_SSPCON2bits                     (abs)        00216
_SSPSTAT                         (abs)        00214
_SSPSTATbits                     (abs)        00214
_SYSTEM_Initialize               text12       002CD
_TRISA                           (abs)        0008C
_TRISB                           (abs)        0008D
_TRISC                           (abs)        0008E
_TRISE                           (abs)        00090
_TXREG                           (abs)        0019A
_TXSTA                           (abs)        0019E
_TXSTAbits                       (abs)        0019E
_WDTCON                          (abs)        00097
_WDT_Initialize                  text13       002FF
_WPUB                            (abs)        0020D
_WPUE                            (abs)        00210
__Habs1                          abs1         00000
__Hbank0                         bank0        00000
__Hbank1                         bank1        00000
__Hbank10                        bank10       00000
__Hbank11                        bank11       00000
__Hbank12                        bank12       00000
__Hbank13                        bank13       00000
__Hbank14                        bank14       00000
__Hbank15                        bank15       00000
__Hbank16                        bank16       00000
__Hbank17                        bank17       00000
__Hbank18                        bank18       00000
__Hbank19                        bank19       00000
__Hbank2                         bank2        00000
__Hbank20                        bank20       00000
__Hbank21                        bank21       00000
__Hbank22                        bank22       00000
__Hbank23                        bank23       00000
__Hbank24                        bank24       00000
__Hbank25                        bank25       00000
__Hbank26                        bank26       00000
__Hbank27                        bank27       00000
__Hbank28                        bank28       00000
__Hbank29                        bank29       00000
__Hbank3                         bank3        00000
__Hbank30                        bank30       00000
__Hbank31                        bank31       00000
__Hbank4                         bank4        00000
__Hbank5                         bank5        00000
__Hbank6                         bank6        00000
__Hbank7                         bank7        00000
__Hbank8                         bank8        00000
__Hbank9                         bank9        00000
__Hbigram                        bigram       00000
__HbssBANK0                      bssBANK0     00000
__Hcinit                         cinit        00056
__Hclrtext                       clrtext      00000
__Hcode                          code         00000
__Hcommon                        common       00000
__Hconfig                        config       08009
__HcstackBANK0                   cstackBANK0  00000
__HcstackCOMMON                  cstackCOMMON 00000
__Heeprom_data                   eeprom_data  00000
__Hend_init                      end_init     0004E
__Hfunctab                       functab      00000
__Hinit                          init         0004C
__Hintentry                      intentry     0004C
__Hmaintext                      maintext     00000
__Hpowerup                       powerup      00000
__Hram                           ram          00000
__Hreset_vec                     reset_vec    00002
__Hsfr0                          sfr0         00000
__Hsfr1                          sfr1         00000
__Hsfr10                         sfr10        00000
__Hsfr11                         sfr11        00000
__Hsfr12                         sfr12        00000
__Hsfr13                         sfr13        00000
__Hsfr14                         sfr14        00000
__Hsfr15                         sfr15        00000
__Hsfr16                         sfr16        00000
__Hsfr17                         sfr17        00000
__Hsfr18                         sfr18        00000
__Hsfr19                         sfr19        00000
__Hsfr2                          sfr2         00000
__Hsfr20                         sfr20        00000
__Hsfr21                         sfr21        00000
__Hsfr22                         sfr22        00000
__Hsfr23                         sfr23        00000
__Hsfr24                         sfr24        00000
__Hsfr25                         sfr25        00000
__Hsfr26                         sfr26        00000
__Hsfr27                         sfr27        00000
__Hsfr28                         sfr28        00000
__Hsfr29                         sfr29        00000
__Hsfr3                          sfr3         00000
__Hsfr30                         sfr30        00000
__Hsfr31                         sfr31        00000
__Hsfr4                          sfr4         00000
__Hsfr5                          sfr5         00000
__Hsfr6                          sfr6         00000
__Hsfr7                          sfr7         00000
__Hsfr8                          sfr8         00000
__Hsfr9                          sfr9         00000
__Hspace_0                       (abs)        00303
__Hspace_1                       (abs)        0007E
__Hspace_2                       (abs)        00000
__Hspace_3                       (abs)        00000
__Hspace_4                       (abs)        10010
__Hstack                         stack        00000
__Hstrings                       strings      00000
__Htext                          text         00000
__Labs1                          abs1         00000
__Lbank0                         bank0        00000
__Lbank1                         bank1        00000
__Lbank10                        bank10       00000
__Lbank11                        bank11       00000
__Lbank12                        bank12       00000
__Lbank13                        bank13       00000
__Lbank14                        bank14       00000
__Lbank15                        bank15       00000
__Lbank16                        bank16       00000
__Lbank17                        bank17       00000
__Lbank18                        bank18       00000
__Lbank19                        bank19       00000
__Lbank2                         bank2        00000
__Lbank20                        bank20       00000
__Lbank21                        bank21       00000
__Lbank22                        bank22       00000
__Lbank23                        bank23       00000
__Lbank24                        bank24       00000
__Lbank25                        bank25       00000
__Lbank26                        bank26       00000
__Lbank27                        bank27       00000
__Lbank28                        bank28       00000
__Lbank29                        bank29       00000
__Lbank3                         bank3        00000
__Lbank30                        bank30       00000
__Lbank31                        bank31       00000
__Lbank4                         bank4        00000
__Lbank5                         bank5        00000
__Lbank6                         bank6        00000
__Lbank7                         bank7        00000
__Lbank8                         bank8        00000
__Lbank9                         bank9        00000
__Lbigram                        bigram       00000
__LbssBANK0                      bssBANK0     00000
__Lcinit                         cinit        0004E
__Lclrtext                       clrtext      00000
__Lcode                          code         00000
__Lcommon                        common       00000
__Lconfig                        config       00000
__LcstackBANK0                   cstackBANK0  00000
__LcstackCOMMON                  cstackCOMMON 00000
__Leeprom_data                   eeprom_data  00000
__Lend_init                      end_init     0004C
__Lfunctab                       functab      00000
__Linit                          init         0004C
__Lintentry                      intentry     00004
__Lmaintext                      maintext     00000
__Lpowerup                       powerup      00000
__Lram                           ram          00000
__Lreset_vec                     reset_vec    00000
__Lsfr0                          sfr0         00000
__Lsfr1                          sfr1         00000
__Lsfr10                         sfr10        00000
__Lsfr11                         sfr11        00000
__Lsfr12                         sfr12        00000
__Lsfr13                         sfr13        00000
__Lsfr14                         sfr14        00000
__Lsfr15                         sfr15        00000
__Lsfr16                         sfr16        00000
__Lsfr17                         sfr17        00000
__Lsfr18                         sfr18        00000
__Lsfr19                         sfr19        00000
__Lsfr2                          sfr2         00000
__Lsfr20                         sfr20        00000
__Lsfr21                         sfr21        00000
__Lsfr22                         sfr22        00000
__Lsfr23                         sfr23        00000
__Lsfr24                         sfr24        00000
__Lsfr25                         sfr25        00000
__Lsfr26                         sfr26        00000
__Lsfr27                         sfr27        00000
__Lsfr28                         sfr28        00000
__Lsfr29                         sfr29        00000
__Lsfr3                          sfr3         00000
__Lsfr30                         sfr30        00000
__Lsfr31                         sfr31        00000
__Lsfr4                          sfr4         00000
__Lsfr5                          sfr5         00000
__Lsfr6                          sfr6         00000
__Lsfr7                          sfr7         00000
__Lsfr8                          sfr8         00000
__Lsfr9                          sfr9         00000
__Lspace_0                       (abs)        00000
__Lspace_1                       (abs)        00000
__Lspace_2                       (abs)        00000
__Lspace_3                       (abs)        00000
__Lspace_4                       (abs)        00000
__Lstack                         stack        00000
__Lstrings                       strings      00000
__Ltext                          text         00000
__S0                             (abs)        00303
__S1                             (abs)        0007E
__S2                             (abs)        00000
__S3                             (abs)        00000
___int_sp                        stack        00000
___latbits                       (abs)        00003
___lwdiv                         text6        000EF
___lwdiv@counter                 cstackBANK0  00037
___lwdiv@dividend                cstackBANK0  00032
___lwdiv@divisor                 cstackBANK0  00030
___lwdiv@quotient                cstackBANK0  00035
___sp                            stack        00000
___stackhi                       (abs)        023EF
___stacklo                       (abs)        02025
___wmul                          text25       00201
___wmul@multiplicand             cstackCOMMON 00072
___wmul@multiplier               cstackCOMMON 00070
___wmul@product                  cstackCOMMON 00074
__end_of_OSCILLATOR_Initialize   text15       002F8
__end_of_PIN_MANAGER_Initialize  text14       00256
__end_of_SYSTEM_Initialize       text12       002D7
__end_of_WDT_Initialize          text13       00303
__end_of___lwdiv                 text6        0012C
__end_of___wmul                  text25       00220
__end_of__initialization         cinit        00052
__end_of__read                   text3        00201
__end_of__write                  text2        0026D
__end_of_i2c_read                text5        0023B
__end_of_i2c_repeated_start      text4        002C3
__end_of_i2c_start               text10       002CD
__end_of_i2c_stop                text9        002F1
__end_of_i2c_wait                text11       002AD
__end_of_i2c_write               text8        00291
__end_of_init                    text7        00280
__end_of_isr                     intentry     0004C
__end_of_main                    maintext     000EF
__end_of_map                     text23       001DE
__end_of_send                    text26       002EA
__end_of_servo_write             text17       00191
__end_of_set_pwm                 text18       001B9
__end_of_set_pwm_freq            text1        000AF
__end_ofi1___lwdiv               text24       00168
__end_ofi1_i2c_start             text21       002E1
__end_ofi1_i2c_stop              text20       002FF
__end_ofi1_i2c_wait              text22       002B9
__end_ofi1_i2c_write             text19       002A1
__initialization                 cinit        0004E
__pbssBANK0                      bssBANK0     00042
__pcstackBANK0                   cstackBANK0  00020
__pcstackCOMMON                  cstackCOMMON 00070
__pintentry                      intentry     00004
__pmaintext                      maintext     000AF
__ptext1                         text1        00056
__ptext10                        text10       002C3
__ptext11                        text11       002A1
__ptext12                        text12       002CD
__ptext13                        text13       002FF
__ptext14                        text14       0023B
__ptext15                        text15       002F1
__ptext17                        text17       00168
__ptext18                        text18       00191
__ptext19                        text19       00291
__ptext2                         text2        00256
__ptext20                        text20       002F8
__ptext21                        text21       002D7
__ptext22                        text22       002AD
__ptext23                        text23       001B9
__ptext24                        text24       0012C
__ptext25                        text25       00201
__ptext26                        text26       002E1
__ptext3                         text3        001DE
__ptext4                         text4        002B9
__ptext5                         text5        00220
__ptext6                         text6        000EF
__ptext7                         text7        0026D
__ptext8                         text8        00280
__ptext9                         text9        002EA
__read                           text3        001DE
__read@addr                      cstackBANK0  00034
__read@data                      cstackBANK0  00035
__size_of_OSCILLATOR_Initialize  (abs)        00000
__size_of_PIN_MANAGER_Initialize (abs)        00000
__size_of_SYSTEM_Initialize      (abs)        00000
__size_of_WDT_Initialize         (abs)        00000
__size_of___lwdiv                (abs)        00000
__size_of___wmul                 (abs)        00000
__size_of__read                  (abs)        00000
__size_of__write                 (abs)        00000
__size_of_i2c_read               (abs)        00000
__size_of_i2c_repeated_start     (abs)        00000
__size_of_i2c_start              (abs)        00000
__size_of_i2c_stop               (abs)        00000
__size_of_i2c_wait               (abs)        00000
__size_of_i2c_write              (abs)        00000
__size_of_init                   (abs)        00000
__size_of_isr                    (abs)        00000
__size_of_main                   (abs)        00000
__size_of_map                    (abs)        00000
__size_of_send                   (abs)        00000
__size_of_servo_write            (abs)        00000
__size_of_set_pwm                (abs)        00000
__size_of_set_pwm_freq           (abs)        00000
__size_ofi1___lwdiv              (abs)        00000
__size_ofi1_i2c_start            (abs)        00000
__size_ofi1_i2c_stop             (abs)        00000
__size_ofi1_i2c_wait             (abs)        00000
__size_ofi1_i2c_write            (abs)        00000
__write                          text2        00256
__write@addr                     cstackBANK0  00032
__write@d                        cstackBANK0  00031
_ch1_ang                         bssBANK0     00042
_flg                             bssBANK0     00044
_i2c_read                        text5        00220
_i2c_repeated_start              text4        002B9
_i2c_start                       text10       002C3
_i2c_stop                        text9        002EA
_i2c_wait                        text11       002A1
_i2c_write                       text8        00280
_init                            text7        0026D
_isr                             intentry     00004
_main                            maintext     000AF
_map                             text23       001B9
_send                            text26       002E1
_servo_write                     text17       00168
_set_pwm                         text18       00191
_set_pwm_freq                    text1        00056
btemp                            (abs)        0007E
end_of_initialization            cinit        00052
i1___lwdiv                       text24       0012C
i1___lwdiv@counter               cstackCOMMON 0007D
i1___lwdiv@dividend              cstackCOMMON 00078
i1___lwdiv@divisor               cstackCOMMON 00076
i1___lwdiv@quotient              cstackCOMMON 0007B
i1_i2c_start                     text21       002D7
i1_i2c_stop                      text20       002F8
i1_i2c_wait                      text22       002AD
i1_i2c_write                     text19       00291
i1i2c_write@data                 cstackCOMMON 00070
i2c_read@ack                     cstackBANK0  00031
i2c_read@data                    cstackBANK0  00032
i2c_write@data                   cstackBANK0  00030
int$flags                        (abs)        0007E
intlevel0                        functab      00000
intlevel1                        functab      00000
intlevel2                        functab      00000
intlevel3                        functab      00000
intlevel4                        functab      00000
intlevel5                        functab      00000
isr@data                         cstackBANK0  0002F
map@in_max                       cstackBANK0  00024
map@in_min                       cstackBANK0  00022
map@out_max                      cstackBANK0  00028
map@out_min                      cstackBANK0  00026
map@x                            cstackBANK0  00020
reset_vec                        reset_vec    00000
send@data                        cstackCOMMON 00070
servo_write@ang                  cstackBANK0  0002A
servo_write@ch                   cstackBANK0  0002C
set_pwm@num                      cstackCOMMON 00076
set_pwm@off                      cstackCOMMON 00073
set_pwm@on                       cstackCOMMON 00071
set_pwm_freq@freq                cstackBANK0  00038
set_pwm_freq@newreg              cstackBANK0  0003C
set_pwm_freq@oldreg              cstackBANK0  0003F
set_pwm_freq@prescale            cstackBANK0  0003B
set_pwm_freq@prescaleval         cstackBANK0  0003D
start                            init         0004C
start_initialization             cinit        0004E
wtemp0                           (abs)        0007E


MODULE INFORMATION

Module		Function		Class		Link	Load	Size
i2c.c
		_i2c_start     		CODE           	02C3	0000	10
		_i2c_write     		CODE           	0280	0000	17
		_i2c_stop      		CODE           	02EA	0000	7
		_i2c_wait      		CODE           	02A1	0000	12
		_i2c_read      		CODE           	0220	0000	27
		_i2c_repeated_start		CODE           	02B9	0000	10

i2c.c estimated size: 83

mcc_generated_files/pin_manager.c
		_PIN_MANAGER_Initialize		CODE           	023B	0000	27

mcc_generated_files/pin_manager.c estimated size: 27

PCA9685.c
		_init          		CODE           	026D	0000	19
		_map           		CODE           	01B9	0000	37
		_servo_write   		CODE           	0168	0000	41
		__write        		CODE           	0256	0000	23
		__read         		CODE           	01DE	0000	35
		_set_pwm       		CODE           	0191	0000	40
		_set_pwm_freq  		CODE           	0056	0000	89

PCA9685.c estimated size: 284

shared
		i1_i2c_wait    		CODE           	02AD	0000	12
		i1_i2c_write   		CODE           	0291	0000	16
		i1___lwdiv     		CODE           	012C	0000	60
		i1_i2c_stop    		CODE           	02F8	0000	7
		i1_i2c_start   		CODE           	02D7	0000	10
		__initialization		CODE           	004E	0000	4

shared estimated size: 109

mcc_generated_files/mcc.c
		_WDT_Initialize		CODE           	02FF	0000	4
		_OSCILLATOR_Initialize		CODE           	02F1	0000	7
		_SYSTEM_Initialize		CODE           	02CD	0000	10

mcc_generated_files/mcc.c estimated size: 21

C:\Program Files\Microchip\xc8\v2.32\pic\sources\c90\common\lwdiv.c
		___lwdiv       		CODE           	00EF	0000	61

C:\Program Files\Microchip\xc8\v2.32\pic\sources\c90\common\lwdiv.c estimated size: 61

C:\Program Files\Microchip\xc8\v2.32\pic\sources\c90\common\Umul16.c
		___wmul        		CODE           	0201	0000	31

C:\Program Files\Microchip\xc8\v2.32\pic\sources\c90\common\Umul16.c estimated size: 31

main.c
		_main          		CODE           	00AF	0000	64
		_isr           		CODE           	0004	0000	72
		_send          		CODE           	02E1	0000	9

main.c estimated size: 145

